Copyright 1986-2022 Xilinx, Inc. All Rights Reserved. Copyright 2022-2023 Advanced Micro Devices, Inc. All Rights Reserved.
------------------------------------------------------------------------------------------------------------------------------------------------------------------------------------------------------------------
| Tool Version : Vivado v.2023.2 (lin64) Build 4029153 Fri Oct 13 20:13:54 MDT 2023
| Date         : Thu Oct  8 16:42:02 2026
| Host         : vlsilab-client59.eced.svnit.ac.in running 64-bit Red Hat Enterprise Linux release 8.7 (Ootpa)
| Command      : report_timing_summary -max_paths 10 -report_unconstrained -file rcanbit_timing_summary_routed.rpt -pb rcanbit_timing_summary_routed.pb -rpx rcanbit_timing_summary_routed.rpx -warn_on_violation
| Design       : rcanbit
| Device       : 7a35t-cpg236
| Speed File   : -1  PRODUCTION 1.23 2018-06-13
| Design State : Routed
------------------------------------------------------------------------------------------------------------------------------------------------------------------------------------------------------------------

Timing Summary Report

------------------------------------------------------------------------------------------------
| Timer Settings
| --------------
------------------------------------------------------------------------------------------------

  Enable Multi Corner Analysis               :  Yes
  Enable Pessimism Removal                   :  Yes
  Pessimism Removal Resolution               :  Nearest Common Node
  Enable Input Delay Default Clock           :  No
  Enable Preset / Clear Arcs                 :  No
  Disable Flight Delays                      :  No
  Ignore I/O Paths                           :  No
  Timing Early Launch at Borrowing Latches   :  No
  Borrow Time for Max Delay Exceptions       :  Yes
  Merge Timing Exceptions                    :  Yes
  Inter-SLR Compensation                     :  Conservative

  Corner  Analyze    Analyze    
  Name    Max Paths  Min Paths  
  ------  ---------  ---------  
  Slow    Yes        Yes        
  Fast    Yes        Yes        


------------------------------------------------------------------------------------------------
| Report Methodology
| ------------------
------------------------------------------------------------------------------------------------

No report available as report_methodology has not been run prior. Run report_methodology on the current design for the summary of methodology violations.



check_timing report

Table of Contents
-----------------
1. checking no_clock (0)
2. checking constant_clock (0)
3. checking pulse_width_clock (0)
4. checking unconstrained_internal_endpoints (0)
5. checking no_input_delay (0)
6. checking no_output_delay (0)
7. checking multiple_clock (0)
8. checking generated_clocks (0)
9. checking loops (0)
10. checking partial_input_delay (0)
11. checking partial_output_delay (0)
12. checking latch_loops (0)

1. checking no_clock (0)
------------------------
 There are 0 register/latch pins with no clock.


2. checking constant_clock (0)
------------------------------
 There are 0 register/latch pins with constant_clock.


3. checking pulse_width_clock (0)
---------------------------------
 There are 0 register/latch pins which need pulse_width check


4. checking unconstrained_internal_endpoints (0)
------------------------------------------------
 There are 0 pins that are not constrained for maximum delay.

 There are 0 pins that are not constrained for maximum delay due to constant clock.


5. checking no_input_delay (0)
------------------------------
 There are 0 input ports with no input delay specified.

 There are 0 input ports with no input delay but user has a false path constraint.


6. checking no_output_delay (0)
-------------------------------
 There are 0 ports with no output delay specified.

 There are 0 ports with no output delay but user has a false path constraint

 There are 0 ports with no output delay but with a timing clock defined on it or propagating through it


7. checking multiple_clock (0)
------------------------------
 There are 0 register/latch pins with multiple clocks.


8. checking generated_clocks (0)
--------------------------------
 There are 0 generated clocks that are not connected to a clock source.


9. checking loops (0)
---------------------
 There are 0 combinational loops in the design.


10. checking partial_input_delay (0)
------------------------------------
 There are 0 input ports with partial input delay specified.


11. checking partial_output_delay (0)
-------------------------------------
 There are 0 ports with partial output delay specified.


12. checking latch_loops (0)
----------------------------
 There are 0 combinational latch loops in the design through latch input



------------------------------------------------------------------------------------------------
| Design Timing Summary
| ---------------------
------------------------------------------------------------------------------------------------

    WNS(ns)      TNS(ns)  TNS Failing Endpoints  TNS Total Endpoints      WHS(ns)      THS(ns)  THS Failing Endpoints  THS Total Endpoints     WPWS(ns)     TPWS(ns)  TPWS Failing Endpoints  TPWS Total Endpoints  
    -------      -------  ---------------------  -------------------      -------      -------  ---------------------  -------------------     --------     --------  ----------------------  --------------------  
        inf        0.000                      0                    5          inf        0.000                      0                    5           NA           NA                      NA                    NA  


There are no user specified timing constraints.


------------------------------------------------------------------------------------------------
| Clock Summary
| -------------
------------------------------------------------------------------------------------------------


------------------------------------------------------------------------------------------------
| Intra Clock Table
| -----------------
------------------------------------------------------------------------------------------------

Clock             WNS(ns)      TNS(ns)  TNS Failing Endpoints  TNS Total Endpoints      WHS(ns)      THS(ns)  THS Failing Endpoints  THS Total Endpoints     WPWS(ns)     TPWS(ns)  TPWS Failing Endpoints  TPWS Total Endpoints  
-----             -------      -------  ---------------------  -------------------      -------      -------  ---------------------  -------------------     --------     --------  ----------------------  --------------------  


------------------------------------------------------------------------------------------------
| Inter Clock Table
| -----------------
------------------------------------------------------------------------------------------------

From Clock    To Clock          WNS(ns)      TNS(ns)  TNS Failing Endpoints  TNS Total Endpoints      WHS(ns)      THS(ns)  THS Failing Endpoints  THS Total Endpoints  
----------    --------          -------      -------  ---------------------  -------------------      -------      -------  ---------------------  -------------------  


------------------------------------------------------------------------------------------------
| Other Path Groups Table
| -----------------------
------------------------------------------------------------------------------------------------

Path Group    From Clock    To Clock          WNS(ns)      TNS(ns)  TNS Failing Endpoints  TNS Total Endpoints      WHS(ns)      THS(ns)  THS Failing Endpoints  THS Total Endpoints  
----------    ----------    --------          -------      -------  ---------------------  -------------------      -------      -------  ---------------------  -------------------  


------------------------------------------------------------------------------------------------
| User Ignored Path Table
| -----------------------
------------------------------------------------------------------------------------------------

Path Group    From Clock    To Clock    
----------    ----------    --------    


------------------------------------------------------------------------------------------------
| Unconstrained Path Table
| ------------------------
------------------------------------------------------------------------------------------------

Path Group    From Clock    To Clock    
----------    ----------    --------    
(none)                                    


------------------------------------------------------------------------------------------------
| Timing Details
| --------------
------------------------------------------------------------------------------------------------


--------------------------------------------------------------------------------------
Path Group:  (none)
From Clock:  
  To Clock:  

Max Delay             5 Endpoints
Min Delay             5 Endpoints
--------------------------------------------------------------------------------------


Max Delay Paths
--------------------------------------------------------------------------------------
Slack:                    inf
  Source:                 cin
                            (input port)
  Destination:            sum[1]
                            (output port)
  Path Group:             (none)
  Path Type:              Max at Slow Process Corner
  Data Path Delay:        11.992ns  (logic 5.344ns (44.566%)  route 6.647ns (55.434%))
  Logic Levels:           3  (IBUF=1 LUT5=1 OBUF=1)

    Location             Delay type                Incr(ns)  Path(ns)    Netlist Resource(s)
  -------------------------------------------------------------------    -------------------
    V2                                                0.000     0.000 r  cin (IN)
                         net (fo=0)                   0.000     0.000    cin
    V2                   IBUF (Prop_ibuf_I_O)         1.454     1.454 r  cin_IBUF_inst/O
                         net (fo=3, routed)           4.062     5.517    cin_IBUF
    SLICE_X0Y11          LUT5 (Prop_lut5_I3_O)        0.152     5.669 r  sum_OBUF[1]_inst_i_1/O
                         net (fo=1, routed)           2.585     8.254    sum_OBUF[1]
    E19                  OBUF (Prop_obuf_I_O)         3.738    11.992 r  sum_OBUF[1]_inst/O
                         net (fo=0)                   0.000    11.992    sum[1]
    E19                                                               r  sum[1] (OUT)
  -------------------------------------------------------------------    -------------------

Slack:                    inf
  Source:                 cin
                            (input port)
  Destination:            cout
                            (output port)
  Path Group:             (none)
  Path Type:              Max at Slow Process Corner
  Data Path Delay:        11.831ns  (logic 5.439ns (45.974%)  route 6.392ns (54.026%))
  Logic Levels:           4  (IBUF=1 LUT3=1 LUT5=1 OBUF=1)

    Location             Delay type                Incr(ns)  Path(ns)    Netlist Resource(s)
  -------------------------------------------------------------------    -------------------
    V2                                                0.000     0.000 r  cin (IN)
                         net (fo=0)                   0.000     0.000    cin
    V2                   IBUF (Prop_ibuf_I_O)         1.454     1.454 r  cin_IBUF_inst/O
                         net (fo=3, routed)           4.062     5.517    cin_IBUF
    SLICE_X0Y11          LUT5 (Prop_lut5_I2_O)        0.124     5.641 r  sum_OBUF[3]_inst_i_2/O
                         net (fo=3, routed)           0.455     6.095    sum_OBUF[3]_inst_i_2_n_0
    SLICE_X0Y11          LUT3 (Prop_lut3_I1_O)        0.150     6.245 r  cout_OBUF_inst_i_1/O
                         net (fo=1, routed)           1.875     8.120    cout_OBUF
    W18                  OBUF (Prop_obuf_I_O)         3.711    11.831 r  cout_OBUF_inst/O
                         net (fo=0)                   0.000    11.831    cout
    W18                                                               r  cout (OUT)
  -------------------------------------------------------------------    -------------------

Slack:                    inf
  Source:                 cin
                            (input port)
  Destination:            sum[3]
                            (output port)
  Path Group:             (none)
  Path Type:              Max at Slow Process Corner
  Data Path Delay:        11.596ns  (logic 5.212ns (44.944%)  route 6.384ns (55.056%))
  Logic Levels:           4  (IBUF=1 LUT5=2 OBUF=1)

    Location             Delay type                Incr(ns)  Path(ns)    Netlist Resource(s)
  -------------------------------------------------------------------    -------------------
    V2                                                0.000     0.000 r  cin (IN)
                         net (fo=0)                   0.000     0.000    cin
    V2                   IBUF (Prop_ibuf_I_O)         1.454     1.454 r  cin_IBUF_inst/O
                         net (fo=3, routed)           4.062     5.517    cin_IBUF
    SLICE_X0Y11          LUT5 (Prop_lut5_I2_O)        0.124     5.641 r  sum_OBUF[3]_inst_i_2/O
                         net (fo=3, routed)           0.455     6.095    sum_OBUF[3]_inst_i_2_n_0
    SLICE_X0Y11          LUT5 (Prop_lut5_I3_O)        0.124     6.219 r  sum_OBUF[3]_inst_i_1/O
                         net (fo=1, routed)           1.867     8.087    sum_OBUF[3]
    V19                  OBUF (Prop_obuf_I_O)         3.509    11.596 r  sum_OBUF[3]_inst/O
                         net (fo=0)                   0.000    11.596    sum[3]
    V19                                                               r  sum[3] (OUT)
  -------------------------------------------------------------------    -------------------

Slack:                    inf
  Source:                 cin
                            (input port)
  Destination:            sum[2]
                            (output port)
  Path Group:             (none)
  Path Type:              Max at Slow Process Corner
  Data Path Delay:        11.504ns  (logic 5.203ns (45.232%)  route 6.301ns (54.768%))
  Logic Levels:           4  (IBUF=1 LUT3=1 LUT5=1 OBUF=1)

    Location             Delay type                Incr(ns)  Path(ns)    Netlist Resource(s)
  -------------------------------------------------------------------    -------------------
    V2                                                0.000     0.000 r  cin (IN)
                         net (fo=0)                   0.000     0.000    cin
    V2                   IBUF (Prop_ibuf_I_O)         1.454     1.454 r  cin_IBUF_inst/O
                         net (fo=3, routed)           4.062     5.517    cin_IBUF
    SLICE_X0Y11          LUT5 (Prop_lut5_I2_O)        0.124     5.641 r  sum_OBUF[3]_inst_i_2/O
                         net (fo=3, routed)           0.172     5.813    sum_OBUF[3]_inst_i_2_n_0
    SLICE_X0Y11          LUT3 (Prop_lut3_I2_O)        0.124     5.937 r  sum_OBUF[2]_inst_i_1/O
                         net (fo=1, routed)           2.066     8.003    sum_OBUF[2]
    U19                  OBUF (Prop_obuf_I_O)         3.501    11.504 r  sum_OBUF[2]_inst/O
                         net (fo=0)                   0.000    11.504    sum[2]
    U19                                                               r  sum[2] (OUT)
  -------------------------------------------------------------------    -------------------

Slack:                    inf
  Source:                 cin
                            (input port)
  Destination:            sum[0]
                            (output port)
  Path Group:             (none)
  Path Type:              Max at Slow Process Corner
  Data Path Delay:        11.091ns  (logic 5.083ns (45.833%)  route 6.008ns (54.167%))
  Logic Levels:           3  (IBUF=1 LUT3=1 OBUF=1)

    Location             Delay type                Incr(ns)  Path(ns)    Netlist Resource(s)
  -------------------------------------------------------------------    -------------------
    V2                                                0.000     0.000 r  cin (IN)
                         net (fo=0)                   0.000     0.000    cin
    V2                   IBUF (Prop_ibuf_I_O)         1.454     1.454 r  cin_IBUF_inst/O
                         net (fo=3, routed)           4.095     5.549    cin_IBUF
    SLICE_X0Y11          LUT3 (Prop_lut3_I2_O)        0.124     5.673 r  sum_OBUF[0]_inst_i_1/O
                         net (fo=1, routed)           1.913     7.586    sum_OBUF[0]
    U16                  OBUF (Prop_obuf_I_O)         3.505    11.091 r  sum_OBUF[0]_inst/O
                         net (fo=0)                   0.000    11.091    sum[0]
    U16                                                               r  sum[0] (OUT)
  -------------------------------------------------------------------    -------------------





Min Delay Paths
--------------------------------------------------------------------------------------
Slack:                    inf
  Source:                 b[2]
                            (input port)
  Destination:            sum[3]
                            (output port)
  Path Group:             (none)
  Path Type:              Min at Fast Process Corner
  Data Path Delay:        2.328ns  (logic 1.473ns (63.271%)  route 0.855ns (36.729%))
  Logic Levels:           3  (IBUF=1 LUT5=1 OBUF=1)

    Location             Delay type                Incr(ns)  Path(ns)    Netlist Resource(s)
  -------------------------------------------------------------------    -------------------
    W14                                               0.000     0.000 r  b[2] (IN)
                         net (fo=0)                   0.000     0.000    b[2]
    W14                  IBUF (Prop_ibuf_I_O)         0.218     0.218 r  b_IBUF[2]_inst/O
                         net (fo=3, routed)           0.430     0.648    b_IBUF[2]
    SLICE_X0Y11          LUT5 (Prop_lut5_I2_O)        0.045     0.693 r  sum_OBUF[3]_inst_i_1/O
                         net (fo=1, routed)           0.425     1.118    sum_OBUF[3]
    V19                  OBUF (Prop_obuf_I_O)         1.210     2.328 r  sum_OBUF[3]_inst/O
                         net (fo=0)                   0.000     2.328    sum[3]
    V19                                                               r  sum[3] (OUT)
  -------------------------------------------------------------------    -------------------

Slack:                    inf
  Source:                 b[2]
                            (input port)
  Destination:            cout
                            (output port)
  Path Group:             (none)
  Path Type:              Min at Fast Process Corner
  Data Path Delay:        2.393ns  (logic 1.538ns (64.246%)  route 0.856ns (35.754%))
  Logic Levels:           3  (IBUF=1 LUT3=1 OBUF=1)

    Location             Delay type                Incr(ns)  Path(ns)    Netlist Resource(s)
  -------------------------------------------------------------------    -------------------
    W14                                               0.000     0.000 r  b[2] (IN)
                         net (fo=0)                   0.000     0.000    b[2]
    W14                  IBUF (Prop_ibuf_I_O)         0.218     0.218 r  b_IBUF[2]_inst/O
                         net (fo=3, routed)           0.430     0.648    b_IBUF[2]
    SLICE_X0Y11          LUT3 (Prop_lut3_I0_O)        0.048     0.696 r  cout_OBUF_inst_i_1/O
                         net (fo=1, routed)           0.426     1.122    cout_OBUF
    W18                  OBUF (Prop_obuf_I_O)         1.272     2.393 r  cout_OBUF_inst/O
                         net (fo=0)                   0.000     2.393    cout
    W18                                                               r  cout (OUT)
  -------------------------------------------------------------------    -------------------

Slack:                    inf
  Source:                 a[0]
                            (input port)
  Destination:            sum[0]
                            (output port)
  Path Group:             (none)
  Path Type:              Min at Fast Process Corner
  Data Path Delay:        2.432ns  (logic 1.472ns (60.513%)  route 0.960ns (39.487%))
  Logic Levels:           3  (IBUF=1 LUT3=1 OBUF=1)

    Location             Delay type                Incr(ns)  Path(ns)    Netlist Resource(s)
  -------------------------------------------------------------------    -------------------
    V17                                               0.000     0.000 r  a[0] (IN)
                         net (fo=0)                   0.000     0.000    a[0]
    V17                  IBUF (Prop_ibuf_I_O)         0.221     0.221 r  a_IBUF[0]_inst/O
                         net (fo=3, routed)           0.523     0.744    a_IBUF[0]
    SLICE_X0Y11          LUT3 (Prop_lut3_I0_O)        0.045     0.789 r  sum_OBUF[0]_inst_i_1/O
                         net (fo=1, routed)           0.438     1.226    sum_OBUF[0]
    U16                  OBUF (Prop_obuf_I_O)         1.206     2.432 r  sum_OBUF[0]_inst/O
                         net (fo=0)                   0.000     2.432    sum[0]
    U16                                                               r  sum[0] (OUT)
  -------------------------------------------------------------------    -------------------

Slack:                    inf
  Source:                 a[0]
                            (input port)
  Destination:            sum[2]
                            (output port)
  Path Group:             (none)
  Path Type:              Min at Fast Process Corner
  Data Path Delay:        2.479ns  (logic 1.513ns (61.031%)  route 0.966ns (38.969%))
  Logic Levels:           4  (IBUF=1 LUT3=1 LUT5=1 OBUF=1)

    Location             Delay type                Incr(ns)  Path(ns)    Netlist Resource(s)
  -------------------------------------------------------------------    -------------------
    V17                                               0.000     0.000 r  a[0] (IN)
                         net (fo=0)                   0.000     0.000    a[0]
    V17                  IBUF (Prop_ibuf_I_O)         0.221     0.221 r  a_IBUF[0]_inst/O
                         net (fo=3, routed)           0.395     0.616    a_IBUF[0]
    SLICE_X0Y11          LUT5 (Prop_lut5_I1_O)        0.045     0.661 r  sum_OBUF[3]_inst_i_2/O
                         net (fo=3, routed)           0.070     0.731    sum_OBUF[3]_inst_i_2_n_0
    SLICE_X0Y11          LUT3 (Prop_lut3_I2_O)        0.045     0.776 r  sum_OBUF[2]_inst_i_1/O
                         net (fo=1, routed)           0.501     1.277    sum_OBUF[2]
    U19                  OBUF (Prop_obuf_I_O)         1.202     2.479 r  sum_OBUF[2]_inst/O
                         net (fo=0)                   0.000     2.479    sum[2]
    U19                                                               r  sum[2] (OUT)
  -------------------------------------------------------------------    -------------------

Slack:                    inf
  Source:                 a[0]
                            (input port)
  Destination:            sum[1]
                            (output port)
  Path Group:             (none)
  Path Type:              Min at Fast Process Corner
  Data Path Delay:        2.659ns  (logic 1.568ns (58.963%)  route 1.091ns (41.037%))
  Logic Levels:           3  (IBUF=1 LUT5=1 OBUF=1)

    Location             Delay type                Incr(ns)  Path(ns)    Netlist Resource(s)
  -------------------------------------------------------------------    -------------------
    V17                                               0.000     0.000 r  a[0] (IN)
                         net (fo=0)                   0.000     0.000    a[0]
    V17                  IBUF (Prop_ibuf_I_O)         0.221     0.221 r  a_IBUF[0]_inst/O
                         net (fo=3, routed)           0.395     0.616    a_IBUF[0]
    SLICE_X0Y11          LUT5 (Prop_lut5_I4_O)        0.049     0.665 r  sum_OBUF[1]_inst_i_1/O
                         net (fo=1, routed)           0.696     1.361    sum_OBUF[1]
    E19                  OBUF (Prop_obuf_I_O)         1.298     2.659 r  sum_OBUF[1]_inst/O
                         net (fo=0)                   0.000     2.659    sum[1]
    E19                                                               r  sum[1] (OUT)
  -------------------------------------------------------------------    -------------------





